// Jest Snapshot v1, https://goo.gl/fbAQLP

exports[`Tests in <FirstApp /> should match with snapshot 1`] = `
<div>
  <h1>
    Hola, soy Goku
  </h1>
  <p>
    No hay subtitulo
  </p>
  <p>
    No hay nombre
  </p>
</div>
`;
